--- dark 60x8 ---
[1;38;2;156;140;245m┏[m [1;38;2;156;140;245mPods[m [1;38;2;156;140;245m━━━━━━━━━━━━━━━━━━━━━━━━━━━━━━━━━━━━━━━━━━━━━━━━[m [38;2;114;107;138m42[m [1;38;2;156;140;245m┓[m
[1;38;2;156;140;245m┃[m Welcome to the shell.                                    [1;38;2;156;140;245m┃[m
[1;38;2;156;140;245m┃[m An application shell that lives in your terminal.        [1;38;2;156;140;245m┃[m
[1;38;2;156;140;245m┃[m                                                          [1;38;2;156;140;245m┃[m
[1;38;2;156;140;245m┃[m                                                          [1;38;2;156;140;245m┃[m
[1;38;2;156;140;245m┃[m                                                          [1;38;2;156;140;245m┃[m
[1;38;2;156;140;245m┃[m                                                          [1;38;2;156;140;245m┃[m
[1;38;2;156;140;245m┗[m [38;2;156;140;245mr[m [38;2;154;147;176mRefresh[m  [38;2;156;140;245md[m [38;2;154;147;176mDelete[m [1;38;2;156;140;245m━━━━━━━━━━━━━━━━━━━━━━━━━━━━━━[m [38;2;114;107;138m[=  ][m [1;38;2;156;140;245m┛[m
--- dark 80x8 ---
[1;38;2;156;140;245m┏[m [1;38;2;156;140;245mPods[m [1;38;2;156;140;245m━━━━━━━━━━━━━━━━━━━━━━━━━━━━━━━━━━━━━━━━━━━━━━━━━━━━━━━━━━━━━━━━━━━━[m [38;2;114;107;138m42[m [1;38;2;156;140;245m┓[m
[1;38;2;156;140;245m┃[m Welcome to the shell.                                                        [1;38;2;156;140;245m┃[m
[1;38;2;156;140;245m┃[m An application shell that lives in your terminal.                            [1;38;2;156;140;245m┃[m
[1;38;2;156;140;245m┃[m                                                                              [1;38;2;156;140;245m┃[m
[1;38;2;156;140;245m┃[m                                                                              [1;38;2;156;140;245m┃[m
[1;38;2;156;140;245m┃[m                                                                              [1;38;2;156;140;245m┃[m
[1;38;2;156;140;245m┃[m                                                                              [1;38;2;156;140;245m┃[m
[1;38;2;156;140;245m┗[m [38;2;156;140;245mr[m [38;2;154;147;176mRefresh[m  [38;2;156;140;245md[m [38;2;154;147;176mDelete[m [1;38;2;156;140;245m━━━━━━━━━━━━━━━━━━━━━━━━━━━━━━━━━━━━━━━━━━━━━━━━━━[m [38;2;114;107;138m[=  ][m [1;38;2;156;140;245m┛[m
--- dark 120x8 ---
[1;38;2;156;140;245m┏[m [1;38;2;156;140;245mPods[m [1;38;2;156;140;245m━━━━━━━━━━━━━━━━━━━━━━━━━━━━━━━━━━━━━━━━━━━━━━━━━━━━━━━━━━━━━━━━━━━━━━━━━━━━━━━━━━━━━━━━━━━━━━━━━━━━━━━━━━━━[m [38;2;114;107;138m42[m [1;38;2;156;140;245m┓[m
[1;38;2;156;140;245m┃[m Welcome to the shell.                                                                                                [1;38;2;156;140;245m┃[m
[1;38;2;156;140;245m┃[m An application shell that lives in your terminal.                                                                    [1;38;2;156;140;245m┃[m
[1;38;2;156;140;245m┃[m                                                                                                                      [1;38;2;156;140;245m┃[m
[1;38;2;156;140;245m┃[m                                                                                                                      [1;38;2;156;140;245m┃[m
[1;38;2;156;140;245m┃[m                                                                                                                      [1;38;2;156;140;245m┃[m
[1;38;2;156;140;245m┃[m                                                                                                                      [1;38;2;156;140;245m┃[m
[1;38;2;156;140;245m┗[m [38;2;156;140;245mr[m [38;2;154;147;176mRefresh[m  [38;2;156;140;245md[m [38;2;154;147;176mDelete[m [1;38;2;156;140;245m━━━━━━━━━━━━━━━━━━━━━━━━━━━━━━━━━━━━━━━━━━━━━━━━━━━━━━━━━━━━━━━━━━━━━━━━━━━━━━━━━━━━━━━━━━[m [38;2;114;107;138m[=  ][m [1;38;2;156;140;245m┛[m
--- dim 60x8 ---
[1;38;2;126;134;168m┏[m [1;38;2;142;150;186mPods[m [1;38;2;126;134;168m━━━━━━━━━━━━━━━━━━━━━━━━━━━━━━━━━━━━━━━━━━━━━━━━[m [38;2;99;97;109m42[m [1;38;2;126;134;168m┓[m
[1;38;2;126;134;168m┃[m Welcome to the shell.                                    [1;38;2;126;134;168m┃[m
[1;38;2;126;134;168m┃[m An application shell that lives in your terminal.        [1;38;2;126;134;168m┃[m
[1;38;2;126;134;168m┃[m                                                          [1;38;2;126;134;168m┃[m
[1;38;2;126;134;168m┃[m                                                          [1;38;2;126;134;168m┃[m
[1;38;2;126;134;168m┃[m                                                          [1;38;2;126;134;168m┃[m
[1;38;2;126;134;168m┃[m                                                          [1;38;2;126;134;168m┃[m
[1;38;2;126;134;168m┗[m [38;2;142;150;186mr[m [38;2;138;136;148mRefresh[m  [38;2;142;150;186md[m [38;2;138;136;148mDelete[m [1;38;2;126;134;168m━━━━━━━━━━━━━━━━━━━━━━━━━━━━━━[m [38;2;99;97;109m[=  ][m [1;38;2;126;134;168m┛[m
--- dim 80x8 ---
[1;38;2;126;134;168m┏[m [1;38;2;142;150;186mPods[m [1;38;2;126;134;168m━━━━━━━━━━━━━━━━━━━━━━━━━━━━━━━━━━━━━━━━━━━━━━━━━━━━━━━━━━━━━━━━━━━━[m [38;2;99;97;109m42[m [1;38;2;126;134;168m┓[m
[1;38;2;126;134;168m┃[m Welcome to the shell.                                                        [1;38;2;126;134;168m┃[m
[1;38;2;126;134;168m┃[m An application shell that lives in your terminal.                            [1;38;2;126;134;168m┃[m
[1;38;2;126;134;168m┃[m                                                                              [1;38;2;126;134;168m┃[m
[1;38;2;126;134;168m┃[m                                                                              [1;38;2;126;134;168m┃[m
[1;38;2;126;134;168m┃[m                                                                              [1;38;2;126;134;168m┃[m
[1;38;2;126;134;168m┃[m                                                                              [1;38;2;126;134;168m┃[m
[1;38;2;126;134;168m┗[m [38;2;142;150;186mr[m [38;2;138;136;148mRefresh[m  [38;2;142;150;186md[m [38;2;138;136;148mDelete[m [1;38;2;126;134;168m━━━━━━━━━━━━━━━━━━━━━━━━━━━━━━━━━━━━━━━━━━━━━━━━━━[m [38;2;99;97;109m[=  ][m [1;38;2;126;134;168m┛[m
--- dim 120x8 ---
[1;38;2;126;134;168m┏[m [1;38;2;142;150;186mPods[m [1;38;2;126;134;168m━━━━━━━━━━━━━━━━━━━━━━━━━━━━━━━━━━━━━━━━━━━━━━━━━━━━━━━━━━━━━━━━━━━━━━━━━━━━━━━━━━━━━━━━━━━━━━━━━━━━━━━━━━━━[m [38;2;99;97;109m42[m [1;38;2;126;134;168m┓[m
[1;38;2;126;134;168m┃[m Welcome to the shell.                                                                                                [1;38;2;126;134;168m┃[m
[1;38;2;126;134;168m┃[m An application shell that lives in your terminal.                                                                    [1;38;2;126;134;168m┃[m
[1;38;2;126;134;168m┃[m                                                                                                                      [1;38;2;126;134;168m┃[m
[1;38;2;126;134;168m┃[m                                                                                                                      [1;38;2;126;134;168m┃[m
[1;38;2;126;134;168m┃[m                                                                                                                      [1;38;2;126;134;168m┃[m
[1;38;2;126;134;168m┃[m                                                                                                                      [1;38;2;126;134;168m┃[m
[1;38;2;126;134;168m┗[m [38;2;142;150;186mr[m [38;2;138;136;148mRefresh[m  [38;2;142;150;186md[m [38;2;138;136;148mDelete[m [1;38;2;126;134;168m━━━━━━━━━━━━━━━━━━━━━━━━━━━━━━━━━━━━━━━━━━━━━━━━━━━━━━━━━━━━━━━━━━━━━━━━━━━━━━━━━━━━━━━━━━[m [38;2;99;97;109m[=  ][m [1;38;2;126;134;168m┛[m
--- high-contrast 60x8 ---
[1;38;2;255;212;0m╔[m [1;38;2;255;212;0mPods[m [1;38;2;255;212;0m════════════════════════════════════════════════[m [38;2;168;168;168m42[m [1;38;2;255;212;0m╗[m
[1;38;2;255;212;0m║[m Welcome to the shell.                                    [1;38;2;255;212;0m║[m
[1;38;2;255;212;0m║[m An application shell that lives in your terminal.        [1;38;2;255;212;0m║[m
[1;38;2;255;212;0m║[m                                                          [1;38;2;255;212;0m║[m
[1;38;2;255;212;0m║[m                                                          [1;38;2;255;212;0m║[m
[1;38;2;255;212;0m║[m                                                          [1;38;2;255;212;0m║[m
[1;38;2;255;212;0m║[m                                                          [1;38;2;255;212;0m║[m
[1;38;2;255;212;0m╚[m [38;2;255;212;0mr[m [38;2;208;208;208mRefresh[m  [38;2;255;212;0md[m [38;2;208;208;208mDelete[m [1;38;2;255;212;0m══════════════════════════════[m [38;2;168;168;168m[=  ][m [1;38;2;255;212;0m╝[m
--- high-contrast 80x8 ---
[1;38;2;255;212;0m╔[m [1;38;2;255;212;0mPods[m [1;38;2;255;212;0m════════════════════════════════════════════════════════════════════[m [38;2;168;168;168m42[m [1;38;2;255;212;0m╗[m
[1;38;2;255;212;0m║[m Welcome to the shell.                                                        [1;38;2;255;212;0m║[m
[1;38;2;255;212;0m║[m An application shell that lives in your terminal.                            [1;38;2;255;212;0m║[m
[1;38;2;255;212;0m║[m                                                                              [1;38;2;255;212;0m║[m
[1;38;2;255;212;0m║[m                                                                              [1;38;2;255;212;0m║[m
[1;38;2;255;212;0m║[m                                                                              [1;38;2;255;212;0m║[m
[1;38;2;255;212;0m║[m                                                                              [1;38;2;255;212;0m║[m
[1;38;2;255;212;0m╚[m [38;2;255;212;0mr[m [38;2;208;208;208mRefresh[m  [38;2;255;212;0md[m [38;2;208;208;208mDelete[m [1;38;2;255;212;0m══════════════════════════════════════════════════[m [38;2;168;168;168m[=  ][m [1;38;2;255;212;0m╝[m
--- high-contrast 120x8 ---
[1;38;2;255;212;0m╔[m [1;38;2;255;212;0mPods[m [1;38;2;255;212;0m════════════════════════════════════════════════════════════════════════════════════════════════════════════[m [38;2;168;168;168m42[m [1;38;2;255;212;0m╗[m
[1;38;2;255;212;0m║[m Welcome to the shell.                                                                                                [1;38;2;255;212;0m║[m
[1;38;2;255;212;0m║[m An application shell that lives in your terminal.                                                                    [1;38;2;255;212;0m║[m
[1;38;2;255;212;0m║[m                                                                                                                      [1;38;2;255;212;0m║[m
[1;38;2;255;212;0m║[m                                                                                                                      [1;38;2;255;212;0m║[m
[1;38;2;255;212;0m║[m                                                                                                                      [1;38;2;255;212;0m║[m
[1;38;2;255;212;0m║[m                                                                                                                      [1;38;2;255;212;0m║[m
[1;38;2;255;212;0m╚[m [38;2;255;212;0mr[m [38;2;208;208;208mRefresh[m  [38;2;255;212;0md[m [38;2;208;208;208mDelete[m [1;38;2;255;212;0m══════════════════════════════════════════════════════════════════════════════════════════[m [38;2;168;168;168m[=  ][m [1;38;2;255;212;0m╝[m
--- ascii 60x8 ---
[1m#[m [1mPods[m [1m================================================[m 42 [1m#[m
[1m|[m Welcome to the shell.                                    [1m|[m
[1m|[m An application shell that lives in your terminal.        [1m|[m
[1m|[m                                                          [1m|[m
[1m|[m                                                          [1m|[m
[1m|[m                                                          [1m|[m
[1m|[m                                                          [1m|[m
[1m#[m [1mr[m Refresh  [1md[m Delete [1m==============================[m [=  ] [1m#[m
--- ascii 80x8 ---
[1m#[m [1mPods[m [1m====================================================================[m 42 [1m#[m
[1m|[m Welcome to the shell.                                                        [1m|[m
[1m|[m An application shell that lives in your terminal.                            [1m|[m
[1m|[m                                                                              [1m|[m
[1m|[m                                                                              [1m|[m
[1m|[m                                                                              [1m|[m
[1m|[m                                                                              [1m|[m
[1m#[m [1mr[m Refresh  [1md[m Delete [1m==================================================[m [=  ] [1m#[m
--- ascii 120x8 ---
[1m#[m [1mPods[m [1m============================================================================================================[m 42 [1m#[m
[1m|[m Welcome to the shell.                                                                                                [1m|[m
[1m|[m An application shell that lives in your terminal.                                                                    [1m|[m
[1m|[m                                                                                                                      [1m|[m
[1m|[m                                                                                                                      [1m|[m
[1m|[m                                                                                                                      [1m|[m
[1m|[m                                                                                                                      [1m|[m
[1m#[m [1mr[m Refresh  [1md[m Delete [1m==========================================================================================[m [=  ] [1m#[m
