--- dark 60x4 ---
[38;2;44;40;66m╭[m [38;2;154;147;176ma very long title a very long title a very long title a v[m[38;2;44;40;66m[m[38;2;44;40;66m╮[m
[38;2;44;40;66m│[m Welcome to the shell.                                    [38;2;44;40;66m│[m
[38;2;44;40;66m│[m An application shell that lives in your terminal.        [38;2;44;40;66m│[m
[38;2;44;40;66m╰[m[38;2;44;40;66m──────────────────────────────────────────────────────────[m[38;2;44;40;66m╯[m
--- dark 80x4 ---
[38;2;44;40;66m╭[m [38;2;154;147;176ma very long title a very long title a very long title a very long title a ver[m[38;2;44;40;66m[m[38;2;44;40;66m╮[m
[38;2;44;40;66m│[m Welcome to the shell.                                                        [38;2;44;40;66m│[m
[38;2;44;40;66m│[m An application shell that lives in your terminal.                            [38;2;44;40;66m│[m
[38;2;44;40;66m╰[m[38;2;44;40;66m──────────────────────────────────────────────────────────────────────────────[m[38;2;44;40;66m╯[m
--- dark 120x4 ---
[38;2;44;40;66m╭[m [38;2;154;147;176ma very long title a very long title a very long title a very long title a very long title a very long title a very lo[m[38;2;44;40;66m[m[38;2;44;40;66m╮[m
[38;2;44;40;66m│[m Welcome to the shell.                                                                                                [38;2;44;40;66m│[m
[38;2;44;40;66m│[m An application shell that lives in your terminal.                                                                    [38;2;44;40;66m│[m
[38;2;44;40;66m╰[m[38;2;44;40;66m──────────────────────────────────────────────────────────────────────────────────────────────────────────────────────[m[38;2;44;40;66m╯[m
--- dim 60x4 ---
[38;2;49;49;60m╭[m [38;2;138;136;148ma very long title a very long title a very long title a v[m[38;2;49;49;60m[m[38;2;49;49;60m╮[m
[38;2;49;49;60m│[m Welcome to the shell.                                    [38;2;49;49;60m│[m
[38;2;49;49;60m│[m An application shell that lives in your terminal.        [38;2;49;49;60m│[m
[38;2;49;49;60m╰[m[38;2;49;49;60m──────────────────────────────────────────────────────────[m[38;2;49;49;60m╯[m
--- dim 80x4 ---
[38;2;49;49;60m╭[m [38;2;138;136;148ma very long title a very long title a very long title a very long title a ver[m[38;2;49;49;60m[m[38;2;49;49;60m╮[m
[38;2;49;49;60m│[m Welcome to the shell.                                                        [38;2;49;49;60m│[m
[38;2;49;49;60m│[m An application shell that lives in your terminal.                            [38;2;49;49;60m│[m
[38;2;49;49;60m╰[m[38;2;49;49;60m──────────────────────────────────────────────────────────────────────────────[m[38;2;49;49;60m╯[m
--- dim 120x4 ---
[38;2;49;49;60m╭[m [38;2;138;136;148ma very long title a very long title a very long title a very long title a very long title a very long title a very lo[m[38;2;49;49;60m[m[38;2;49;49;60m╮[m
[38;2;49;49;60m│[m Welcome to the shell.                                                                                                [38;2;49;49;60m│[m
[38;2;49;49;60m│[m An application shell that lives in your terminal.                                                                    [38;2;49;49;60m│[m
[38;2;49;49;60m╰[m[38;2;49;49;60m──────────────────────────────────────────────────────────────────────────────────────────────────────────────────────[m[38;2;49;49;60m╯[m
--- high-contrast 60x4 ---
[38;2;168;168;168m┏[m [38;2;208;208;208ma very long title a very long title a very long title a v[m[38;2;168;168;168m[m[38;2;168;168;168m┓[m
[38;2;168;168;168m┃[m Welcome to the shell.                                    [38;2;168;168;168m┃[m
[38;2;168;168;168m┃[m An application shell that lives in your terminal.        [38;2;168;168;168m┃[m
[38;2;168;168;168m┗[m[38;2;168;168;168m━━━━━━━━━━━━━━━━━━━━━━━━━━━━━━━━━━━━━━━━━━━━━━━━━━━━━━━━━━[m[38;2;168;168;168m┛[m
--- high-contrast 80x4 ---
[38;2;168;168;168m┏[m [38;2;208;208;208ma very long title a very long title a very long title a very long title a ver[m[38;2;168;168;168m[m[38;2;168;168;168m┓[m
[38;2;168;168;168m┃[m Welcome to the shell.                                                        [38;2;168;168;168m┃[m
[38;2;168;168;168m┃[m An application shell that lives in your terminal.                            [38;2;168;168;168m┃[m
[38;2;168;168;168m┗[m[38;2;168;168;168m━━━━━━━━━━━━━━━━━━━━━━━━━━━━━━━━━━━━━━━━━━━━━━━━━━━━━━━━━━━━━━━━━━━━━━━━━━━━━━[m[38;2;168;168;168m┛[m
--- high-contrast 120x4 ---
[38;2;168;168;168m┏[m [38;2;208;208;208ma very long title a very long title a very long title a very long title a very long title a very long title a very lo[m[38;2;168;168;168m[m[38;2;168;168;168m┓[m
[38;2;168;168;168m┃[m Welcome to the shell.                                                                                                [38;2;168;168;168m┃[m
[38;2;168;168;168m┃[m An application shell that lives in your terminal.                                                                    [38;2;168;168;168m┃[m
[38;2;168;168;168m┗[m[38;2;168;168;168m━━━━━━━━━━━━━━━━━━━━━━━━━━━━━━━━━━━━━━━━━━━━━━━━━━━━━━━━━━━━━━━━━━━━━━━━━━━━━━━━━━━━━━━━━━━━━━━━━━━━━━━━━━━━━━━━━━━━━━[m[38;2;168;168;168m┛[m
--- ascii 60x4 ---
+ a very long title a very long title a very long title a v+
| Welcome to the shell.                                    |
| An application shell that lives in your terminal.        |
+----------------------------------------------------------+
--- ascii 80x4 ---
+ a very long title a very long title a very long title a very long title a ver+
| Welcome to the shell.                                                        |
| An application shell that lives in your terminal.                            |
+------------------------------------------------------------------------------+
--- ascii 120x4 ---
+ a very long title a very long title a very long title a very long title a very long title a very long title a very lo+
| Welcome to the shell.                                                                                                |
| An application shell that lives in your terminal.                                                                    |
+----------------------------------------------------------------------------------------------------------------------+
