--- dark 60x5 ---
[1;38;2;16;13;26;48;2;156;140;245m→ src                                                       [m
[38;2;232;229;242m    main.go                                                 [m
[38;2;232;229;242m  ▸ ui                                                      [m
[38;2;232;229;242m  docs                                                      [m
                                                            
--- dark 80x5 ---
[1;38;2;16;13;26;48;2;156;140;245m→ src                                                                           [m
[38;2;232;229;242m    main.go                                                                     [m
[38;2;232;229;242m  ▸ ui                                                                          [m
[38;2;232;229;242m  docs                                                                          [m
                                                                                
--- dark 120x5 ---
[1;38;2;16;13;26;48;2;156;140;245m→ src                                                                                                                   [m
[38;2;232;229;242m    main.go                                                                                                             [m
[38;2;232;229;242m  ▸ ui                                                                                                                  [m
[38;2;232;229;242m  docs                                                                                                                  [m
                                                                                                                        
--- dim 60x5 ---
[1;38;2;214;212;222;48;2;58;62;82m→ src                                                       [m
[38;2;196;194;204m    main.go                                                 [m
[38;2;196;194;204m  ▸ ui                                                      [m
[38;2;196;194;204m  docs                                                      [m
                                                            
--- dim 80x5 ---
[1;38;2;214;212;222;48;2;58;62;82m→ src                                                                           [m
[38;2;196;194;204m    main.go                                                                     [m
[38;2;196;194;204m  ▸ ui                                                                          [m
[38;2;196;194;204m  docs                                                                          [m
                                                                                
--- dim 120x5 ---
[1;38;2;214;212;222;48;2;58;62;82m→ src                                                                                                                   [m
[38;2;196;194;204m    main.go                                                                                                             [m
[38;2;196;194;204m  ▸ ui                                                                                                                  [m
[38;2;196;194;204m  docs                                                                                                                  [m
                                                                                                                        
--- high-contrast 60x5 ---
[1;38;2;0;0;0;48;2;255;212;0m→ src                                                       [m
[38;2;255;255;255m    main.go                                                 [m
[38;2;255;255;255m  ▸ ui                                                      [m
[38;2;255;255;255m  docs                                                      [m
                                                            
--- high-contrast 80x5 ---
[1;38;2;0;0;0;48;2;255;212;0m→ src                                                                           [m
[38;2;255;255;255m    main.go                                                                     [m
[38;2;255;255;255m  ▸ ui                                                                          [m
[38;2;255;255;255m  docs                                                                          [m
                                                                                
--- high-contrast 120x5 ---
[1;38;2;0;0;0;48;2;255;212;0m→ src                                                                                                                   [m
[38;2;255;255;255m    main.go                                                                                                             [m
[38;2;255;255;255m  ▸ ui                                                                                                                  [m
[38;2;255;255;255m  docs                                                                                                                  [m
                                                                                                                        
--- ascii 60x5 ---
[1;7m> src                                                       [m
    main.go                                                 
  > ui                                                      
  docs                                                      
                                                            
--- ascii 80x5 ---
[1;7m> src                                                                           [m
    main.go                                                                     
  > ui                                                                          
  docs                                                                          
                                                                                
--- ascii 120x5 ---
[1;7m> src                                                                                                                   [m
    main.go                                                                                                             
  > ui                                                                                                                  
  docs                                                                                                                  
                                                                                                                        
