--- dark 60x5 ---
                                                            
                 [38;2;154;147;176mNo pods in this namespace[m                  
                                                            
                   [38;2;114;107;138mn to switch namespace[m                    
                                                            
--- dark 80x5 ---
                                                                                
                           [38;2;154;147;176mNo pods in this namespace[m                            
                                                                                
                             [38;2;114;107;138mn to switch namespace[m                              
                                                                                
--- dark 120x5 ---
                                                                                                                        
                                               [38;2;154;147;176mNo pods in this namespace[m                                                
                                                                                                                        
                                                 [38;2;114;107;138mn to switch namespace[m                                                  
                                                                                                                        
--- dim 60x5 ---
                                                            
                 [38;2;138;136;148mNo pods in this namespace[m                  
                                                            
                   [38;2;99;97;109mn to switch namespace[m                    
                                                            
--- dim 80x5 ---
                                                                                
                           [38;2;138;136;148mNo pods in this namespace[m                            
                                                                                
                             [38;2;99;97;109mn to switch namespace[m                              
                                                                                
--- dim 120x5 ---
                                                                                                                        
                                               [38;2;138;136;148mNo pods in this namespace[m                                                
                                                                                                                        
                                                 [38;2;99;97;109mn to switch namespace[m                                                  
                                                                                                                        
--- high-contrast 60x5 ---
                                                            
                 [38;2;208;208;208mNo pods in this namespace[m                  
                                                            
                   [38;2;168;168;168mn to switch namespace[m                    
                                                            
--- high-contrast 80x5 ---
                                                                                
                           [38;2;208;208;208mNo pods in this namespace[m                            
                                                                                
                             [38;2;168;168;168mn to switch namespace[m                              
                                                                                
--- high-contrast 120x5 ---
                                                                                                                        
                                               [38;2;208;208;208mNo pods in this namespace[m                                                
                                                                                                                        
                                                 [38;2;168;168;168mn to switch namespace[m                                                  
                                                                                                                        
--- ascii 60x5 ---
                                                            
                 No pods in this namespace                  
                                                            
                   [2mn to switch namespace[m                    
                                                            
--- ascii 80x5 ---
                                                                                
                           No pods in this namespace                            
                                                                                
                             [2mn to switch namespace[m                              
                                                                                
--- ascii 120x5 ---
                                                                                                                        
                                               No pods in this namespace                                                
                                                                                                                        
                                                 [2mn to switch namespace[m                                                  
                                                                                                                        
