--- dark 60x1 ---
[38;2;156;140;245m▁▃▁▇▄▂█▅▁▆▃▁[m
--- dark 80x1 ---
[38;2;156;140;245m▁▃▁▇▄▂█▅▁▆▃▁[m
--- dark 120x1 ---
[38;2;156;140;245m▁▃▁▇▄▂█▅▁▆▃▁[m
--- dim 60x1 ---
[38;2;142;150;186m▁▃▁▇▄▂█▅▁▆▃▁[m
--- dim 80x1 ---
[38;2;142;150;186m▁▃▁▇▄▂█▅▁▆▃▁[m
--- dim 120x1 ---
[38;2;142;150;186m▁▃▁▇▄▂█▅▁▆▃▁[m
--- high-contrast 60x1 ---
[38;2;255;212;0m▁▃▁▇▄▂█▅▁▆▃▁[m
--- high-contrast 80x1 ---
[38;2;255;212;0m▁▃▁▇▄▂█▅▁▆▃▁[m
--- high-contrast 120x1 ---
[38;2;255;212;0m▁▃▁▇▄▂█▅▁▆▃▁[m
--- ascii 60x1 ---
[1m.-.#=:@+.*-.[m
--- ascii 80x1 ---
[1m.-.#=:@+.*-.[m
--- ascii 120x1 ---
[1m.-.#=:@+.*-.[m
