--- dark 60x1 ---
[38;2;232;229;242mgit fet[m[1;38;2;16;13;26;48;2;156;140;245m [m[38;2;232;229;242m[m                                                    
--- dark 80x1 ---
[38;2;232;229;242mgit fet[m[1;38;2;16;13;26;48;2;156;140;245m [m[38;2;232;229;242m[m                                                                        
--- dark 120x1 ---
[38;2;232;229;242mgit fet[m[1;38;2;16;13;26;48;2;156;140;245m [m[38;2;232;229;242m[m                                                                                                                
--- dim 60x1 ---
[38;2;196;194;204mgit fet[m[1;38;2;214;212;222;48;2;58;62;82m [m[38;2;196;194;204m[m                                                    
--- dim 80x1 ---
[38;2;196;194;204mgit fet[m[1;38;2;214;212;222;48;2;58;62;82m [m[38;2;196;194;204m[m                                                                        
--- dim 120x1 ---
[38;2;196;194;204mgit fet[m[1;38;2;214;212;222;48;2;58;62;82m [m[38;2;196;194;204m[m                                                                                                                
--- high-contrast 60x1 ---
[38;2;255;255;255mgit fet[m[1;38;2;0;0;0;48;2;255;212;0m [m[38;2;255;255;255m[m                                                    
--- high-contrast 80x1 ---
[38;2;255;255;255mgit fet[m[1;38;2;0;0;0;48;2;255;212;0m [m[38;2;255;255;255m[m                                                                        
--- high-contrast 120x1 ---
[38;2;255;255;255mgit fet[m[1;38;2;0;0;0;48;2;255;212;0m [m[38;2;255;255;255m[m                                                                                                                
--- ascii 60x1 ---
git fet[1;7m [m                                                    
--- ascii 80x1 ---
git fet[1;7m [m                                                                        
--- ascii 120x1 ---
git fet[1;7m [m                                                                                                                
