--- dark 60x1 ---
[38;2;114;107;138mSearch commands…                                            [m
--- dark 80x1 ---
[38;2;114;107;138mSearch commands…                                                                [m
--- dark 120x1 ---
[38;2;114;107;138mSearch commands…                                                                                                        [m
--- dim 60x1 ---
[38;2;99;97;109mSearch commands…                                            [m
--- dim 80x1 ---
[38;2;99;97;109mSearch commands…                                                                [m
--- dim 120x1 ---
[38;2;99;97;109mSearch commands…                                                                                                        [m
--- high-contrast 60x1 ---
[38;2;168;168;168mSearch commands…                                            [m
--- high-contrast 80x1 ---
[38;2;168;168;168mSearch commands…                                                                [m
--- high-contrast 120x1 ---
[38;2;168;168;168mSearch commands…                                                                                                        [m
--- ascii 60x1 ---
[2mSearch commands…                                            [m
--- ascii 80x1 ---
[2mSearch commands…                                                                [m
--- ascii 120x1 ---
[2mSearch commands…                                                                                                        [m
